Device : cpu
PyTorch: 2.7.0
Ripser : 0.6.14
Task   : add   (MODULI=[17, 17] (+ mod p))
MODULI : [17, 17]   (d=2, |G|=289)
In/Out : 68 -> 128 -> 128 -> 34
MAX_DIM (homology dims computed): 2
train=3340  test=80181  input_dim=68  labels=(3340, 2)
Will train 5×2 = 10 networks, 200,000 epochs each.
Checkpoints per run: 43
Figures will be written to: /Users/costis/Nextcloud/Computing/Python/Grokking/Figures/M17x17_E200000_F0.04

── GROKKED  (weight_decay=1.0)  [pool=5] ──
  [ 1/5] seed= 1  train_acc=1.000  test_acc=1.000  [959s]
  [ 2/5] seed= 0  train_acc=1.000  test_acc=1.000  [959s]
  [ 3/5] seed= 3  train_acc=1.000  test_acc=1.000  [960s]
  [ 4/5] seed= 4  train_acc=1.000  test_acc=1.000  [962s]
  [ 5/5] seed= 2  train_acc=1.000  test_acc=1.000  [966s]

── MEMORISED  (weight_decay=0.0)  [pool=5] ──
  [ 1/5] seed= 4  train_acc=1.000  test_acc=0.993  [956s]
  [ 2/5] seed= 0  train_acc=1.000  test_acc=0.997  [962s]
  [ 3/5] seed= 3  train_acc=1.000  test_acc=0.997  [964s]
  [ 4/5] seed= 1  train_acc=1.000  test_acc=1.000  [965s]
  [ 5/5] seed= 2  train_acc=1.000  test_acc=0.998  [966s]

Total training time: 32.3 min
Computing persistence diagrams for W2  (max_dim=2)  [pool=5] ...
Done in 11.3s
Betti threshold: 3.9692
Grokking at epoch ≈ 400  |  snapshots: [50, 100, 200, 499, 500, 596, 711]
Computing 10×10 Wasserstein matrix on H_1...
Done in 0.1s
Mean intra-Grokked  distance: 17.4175
Mean intra-Memorised distance: 26.2794
Mean cross-condition distance: 45.8865
Cross/intra ratio: 1.75  (>1 means separated)
Computing layer-wise persistence...
  grokked W1  H1_ent=2.372±0.214
  grokked W2  H1_ent=4.289±0.545
  grokked W3  H1_ent=1.686±1.327
  memorised W1  H1_ent=3.192±0.247
  memorised W2  H1_ent=5.025±0.213
  memorised W3  H1_ent=3.063±0.177
============================================================================
Statistical comparison: Grokked vs Memorised  [W2 at convergence]  MODULI=[17, 17] (+ mod p)
============================================================================
Metric                       Grokked (μ±σ)     Memorised (μ±σ)         p  Sig
----------------------------------------------------------------------------
H0_entropy                4.806±0.041       4.829±0.025       0.0952  .
H0_total                267.991±27.633    637.779±9.370       0.0079  **
H0_energy               608.750±96.719    3392.542±366.136     0.0079  **
H0_max                    3.586±0.946      11.574±10.798      0.0079  **
H0_n                    128.000±0.000     128.000±0.000       1.0000  ns
H1_entropy                4.289±0.545       5.025±0.213       0.0159  *
H1_total                 18.385±10.408     46.508±10.923      0.0159  *
H1_energy                 4.988±3.493      16.221±4.487       0.0159  *
H1_max                    0.481±0.071       0.710±0.086       0.0079  **
H1_n                    112.000±41.207    204.200±37.429      0.0317  *
H2_entropy                2.935±1.802       5.237±0.449       0.0159  *
H2_total                  6.049±7.762      29.883±9.491       0.0159  *
H2_energy                 0.784±1.076       5.198±1.656       0.0159  *
H2_max                    0.152±0.085       0.396±0.024       0.0079  **
H2_n                     73.600±82.337    276.000±86.163      0.0159  *
============================================================================
Codes: *** p<0.001  ** p<0.01  * p<0.05  . p<0.1  ns
PC1: 15.6%   PC2: 13.7%
