Betti threshold: 2.7802
Grokking at epoch ≈ 5800  |  snapshots: [4712, 5174, 5681, 6237, 6848, 7519, 8256]
Computing 100×100 Wasserstein matrix on H_1...
Done in 2.8s
Mean intra-Grokked  distance: 4.4097
Mean intra-Memorised distance: 0.1259
Mean cross-condition distance: 9.6355
Cross/intra ratio: 2.19  (>1 means separated)
Computing layer-wise persistence...
  grokked W1  H1_ent=4.180±0.716
  grokked W2  H1_ent=4.468±0.096
  grokked W3  H1_ent=0.000±0.000
  memorised W1  H1_ent=4.791±0.122
  memorised W2  H1_ent=0.556±0.525
  memorised W3  H1_ent=0.144±0.397
============================================================================
Statistical comparison: Grokked vs Memorised  [W2 at convergence]  MODULI=[47] (· mod p)
============================================================================
Metric                       Grokked (μ±σ)     Memorised (μ±σ)         p  Sig
----------------------------------------------------------------------------
H0_entropy                4.810±0.016       4.827±0.010       0.0000  ***
H0_total                205.974±7.732     498.756±6.211       0.0000  ***
H0_energy               348.639±23.091    2024.637±50.337      0.0000  ***
H0_max                    2.158±0.478       8.456±2.379       0.0000  ***
H0_n                    128.000±0.000     128.000±0.000       1.0000  ns
H1_entropy                4.468±0.096       0.556±0.525       0.0000  ***
H1_total                 13.524±2.561       0.102±0.101       0.0000  ***
H1_energy                 2.478±0.758       0.009±0.014       0.0000  ***
H1_max                    0.386±0.043       0.062±0.057       0.0000  ***
H1_n                    117.020±10.906      2.520±1.847       0.0000  ***
============================================================================
Codes: *** p<0.001  ** p<0.01  * p<0.05  . p<0.1  ns
PC1: 1.6%   PC2: 1.6%
