Device : cpu
PyTorch: 2.7.0
Ripser : 0.6.14
Task   : add_flat   (MODULI=[17, 17] (+ mod p, flat input))
In/Out : 578 -> 128 -> 128 -> 34
MAX_DIM (homology dims computed): 2
train=3340  test=80181  input_dim=578  labels=(3340, 2)
Will train 5×2 = 10 networks, 500,000 epochs each.
Checkpoints per run: 43
Figures will be written to: /Users/costis/Nextcloud/Computing/Python/Grokking/Figures/Mflat17x17_E500000_F0.04

── GROKKED  (weight_decay=5.0)  [pool=5] ──
  [ 1/5] seed= 4  train_acc=1.000  test_acc=0.753  [4256s]
  [ 2/5] seed= 1  train_acc=1.000  test_acc=0.761  [4257s]
  [ 3/5] seed= 3  train_acc=1.000  test_acc=0.554  [4259s]
  [ 4/5] seed= 2  train_acc=1.000  test_acc=0.768  [4261s]
  [ 5/5] seed= 0  train_acc=1.000  test_acc=0.766  [4262s]

── MEMORISED  (weight_decay=0.0)  [pool=5] ──
  [ 1/5] seed= 4  train_acc=1.000  test_acc=0.002  [4250s]
  [ 2/5] seed= 2  train_acc=1.000  test_acc=0.002  [4251s]
  [ 3/5] seed= 1  train_acc=1.000  test_acc=0.003  [4251s]
  [ 4/5] seed= 3  train_acc=1.000  test_acc=0.002  [4252s]
  [ 5/5] seed= 0  train_acc=1.000  test_acc=0.002  [4254s]

Total training time: 142.0 min
Computing persistence diagrams for W2  (max_dim=2)  [pool=5] ...
Done in 7.7s
Betti threshold: 3.0550
No run reached test_acc ≥ 95% — try increasing N_EPOCHS.
Computing 10×10 Wasserstein matrix on H_1...
Done in 0.1s
Mean intra-Grokked  distance: 2.8319
Mean intra-Memorised distance: 18.9524
Mean cross-condition distance: 43.2407
Cross/intra ratio: 2.28  (>1 means separated)
Computing layer-wise persistence...
  grokked W1  H1_ent=4.019±0.288
  grokked W2  H1_ent=3.834±0.390
  grokked W3  H1_ent=3.882±0.286
  memorised W1  H1_ent=3.674±0.164
  memorised W2  H1_ent=4.879±0.083
  memorised W3  H1_ent=3.263±0.137
============================================================================
Statistical comparison: Grokked vs Memorised  [W2 at convergence]  MODULI=[17, 17] (+ mod p, flat input)
============================================================================
Metric                       Grokked (μ±σ)     Memorised (μ±σ)         p  Sig
----------------------------------------------------------------------------
H0_entropy                4.805±0.015       4.784±0.023       0.0952  .
H0_total                247.941±1.970     860.268±17.046      0.0079  **
H0_energy               505.584±9.962     6860.427±763.647     0.0079  **
H0_max                    2.401±0.073      27.475±8.535       0.0079  **
H0_n                    128.000±0.000     128.000±0.000       1.0000  ns
H1_entropy                3.834±0.390       4.879±0.083       0.0079  **
H1_total                  5.980±1.917      55.172±3.482       0.0079  **
H1_energy                 0.863±0.275      27.112±1.690       0.0079  **
H1_max                    0.312±0.033       1.050±0.074       0.0079  **
H1_n                     67.400±19.397    175.800±13.288      0.0119  *
H2_entropy                0.073±0.146       5.051±0.096       0.0097  **
H2_total                  0.026±0.049      30.190±4.045       0.0112  *
H2_energy                 0.002±0.005       6.903±1.273       0.0112  *
H2_max                    0.023±0.043       0.523±0.066       0.0112  *
H2_n                      0.600±0.800     211.800±19.446      0.0112  *
============================================================================
Codes: *** p<0.001  ** p<0.01  * p<0.05  . p<0.1  ns
PC1: 28.5%   PC2: 16.2%
