Device : cpu
PyTorch: 2.7.0
Ripser : 0.6.14
Task   : add_flat   (MODULI=[17, 17] (+ mod p, flat input))
In/Out : 578 -> 128 -> 128 -> 34
MAX_DIM (homology dims computed): 2
train=3340  test=80181  input_dim=578  labels=(3340, 2)
Will train 5×2 = 10 networks, 30,000 epochs each.
Checkpoints per run: 43
Figures will be written to: /Users/costis/Nextcloud/Computing/Python/Grokking/Figures/Mflat17x17_E30000_F0.04

── GROKKED  (weight_decay=1.0)  [pool=5] ──
  [ 1/5] seed= 1  train_acc=1.000  test_acc=0.006  [257s]
  [ 2/5] seed= 0  train_acc=1.000  test_acc=0.005  [257s]
  [ 3/5] seed= 4  train_acc=1.000  test_acc=0.004  [257s]
  [ 4/5] seed= 2  train_acc=1.000  test_acc=0.004  [257s]
  [ 5/5] seed= 3  train_acc=1.000  test_acc=0.004  [257s]

── MEMORISED  (weight_decay=0.0)  [pool=5] ──
  [ 1/5] seed= 1  train_acc=1.000  test_acc=0.003  [254s]
  [ 2/5] seed= 3  train_acc=1.000  test_acc=0.003  [254s]
  [ 3/5] seed= 2  train_acc=1.000  test_acc=0.003  [254s]
  [ 4/5] seed= 0  train_acc=1.000  test_acc=0.003  [254s]
  [ 5/5] seed= 4  train_acc=1.000  test_acc=0.003  [254s]

Total training time: 8.6 min
Computing persistence diagrams for W2  (max_dim=2)  [pool=5] ...
Done in 8.5s
Betti threshold: 5.2725
No run reached test_acc ≥ 95% — try increasing N_EPOCHS.
Computing 10×10 Wasserstein matrix on H_1...
Done in 0.0s
Mean intra-Grokked  distance: 0.5855
Mean intra-Memorised distance: 3.6360
Mean cross-condition distance: 3.1453
Cross/intra ratio: 0.87  (>1 means separated)
Computing layer-wise persistence...
  grokked W1  H1_ent=5.048±0.031
  grokked W2  H1_ent=1.897±0.427
  grokked W3  H1_ent=3.799±0.044
  memorised W1  H1_ent=4.152±0.176
  memorised W2  H1_ent=2.786±0.624
  memorised W3  H1_ent=3.267±0.100
============================================================================
Statistical comparison: Grokked vs Memorised  [W2 at convergence]  MODULI=[17, 17] (+ mod p, flat input)
============================================================================
Metric                       Grokked (μ±σ)     Memorised (μ±σ)         p  Sig
----------------------------------------------------------------------------
H0_entropy                4.821±0.023       4.797±0.016       0.1508  ns
H0_total                459.456±6.486     674.618±7.204       0.0079  **
H0_energy               1704.074±25.597    4028.235±231.781     0.0079  **
H0_max                    3.957±0.054      17.409±3.553       0.0079  **
H0_n                    128.000±0.000     128.000±0.000       1.0000  ns
H1_entropy                1.897±0.427       2.786±0.624       0.0952  .
H1_total                  0.552±0.321       3.896±2.941       0.0159  *
H1_energy                 0.050±0.039       0.976±0.853       0.0079  **
H1_max                    0.126±0.044       0.430±0.154       0.0159  *
H1_n                      9.400±3.878      28.200±18.170      0.0586  .
H2_entropy                0.000±0.000       0.000±0.000       1.0000  ns
H2_total                  0.000±0.000       0.019±0.031       0.1797  ns
H2_energy                 0.000±0.000       0.001±0.002       0.1797  ns
H2_max                    0.000±0.000       0.019±0.031       0.1797  ns
H2_n                      0.000±0.000       0.400±0.490       0.1770  ns
============================================================================
Codes: *** p<0.001  ** p<0.01  * p<0.05  . p<0.1  ns
PC1: 15.4%   PC2: 15.1%
